// Jest Snapshot v1, https://goo.gl/fbAQLP

exports[`HelloEarthlings should match the snapshot 1`] = `
ShallowWrapper {
  Symbol(enzyme.__root__): [Circular],
  Symbol(enzyme.__unrendered__): <HelloEarthlings
    classes={Object {}}
    sample={Object {}}
  />,
  Symbol(enzyme.__renderer__): Object {
    "batchedUpdates": [Function],
    "checkPropTypes": [Function],
    "getNode": [Function],
    "render": [Function],
    "simulateError": [Function],
    "simulateEvent": [Function],
    "unmount": [Function],
  },
  Symbol(enzyme.__node__): Object {
    "instance": null,
    "key": undefined,
    "nodeType": "host",
    "props": Object {
      "children": Array [
        <WithStyles(AppBar)
          position="static"
        >
          <WithStyles(Toolbar)>
            <WithStyles(IconButton)
              aria-label="Menu"
              className="Hook-menuButton-14d7ubx"
              color="inherit"
            >
              <pure(MenuIcon) />
            </WithStyles(IconButton)>
            <WithStyles(Typography)
              className="Hook-grow-9qmz7"
              color="inherit"
              variant="h6"
            >
              <span
                aria-label="hello"
                role="img"
              >
                👾
              </span>
              Hello, Earthlings
               
              <span
                aria-label="welcome"
                role="img"
              >
                👽
              </span>
            </WithStyles(Typography)>
            <WithStyles(Button)
              color="inherit"
              onClick={[Function]}
            >
              Login
            </WithStyles(Button)>
          </WithStyles(Toolbar)>
        </WithStyles(AppBar)>,
        <AppHero
          headline="React-MUI Next Starter"
          subheadline="Happy Coding!"
        />,
        <main>
          <WithStyles(Grid)
            container={true}
            spacing={24}
          >
            <WithStyles(Grid)
              item={true}
              md={4}
            >
              <AppMarketingBlurb
                title="MUI Theme Support and Hooks"
              >
                Lorem ipsum dolor sit amet, consectetur adipiscing elit. Duis consectetur odio diam, eleifend condimentum ipsum rutrum at. Vestibulum eget ornare lacus. Vivamus varius nulla at purus lacinia, in vehicula nibh ultricies. Nam vel mi et nulla posuere semper. Suspendisse urna risus, auctor a lectus dapibus, condimentum eleifend augue. Cras nec ornare sem. Maecenas efficitur purus in faucibus sagittis. Aenean sagittis est odio, at maximus nisi volutpat a. Aliquam aliquet aliquet ligula, in aliquet mi pulvinar id. Vivamus cursus nunc ut ornare pretium. Duis ut ligula purus. Nunc posuere dapibus commodo. Sed felis turpis, ornare in feugiat ac, ullamcorper quis nibh.
              </AppMarketingBlurb>
            </WithStyles(Grid)>
            <WithStyles(Grid)
              item={true}
              md={4}
            >
              <AppMarketingBlurb
                title="React Hooks (alpha)"
              >
                Lorem ipsum dolor sit amet, consectetur adipiscing elit. Duis consectetur odio diam, eleifend condimentum ipsum rutrum at. Vestibulum eget ornare lacus. Vivamus varius nulla at purus lacinia, in vehicula nibh ultricies. Nam vel mi et nulla posuere semper. Suspendisse urna risus, auctor a lectus dapibus, condimentum eleifend augue. Cras nec ornare sem. Maecenas efficitur purus in faucibus sagittis. Aenean sagittis est odio, at maximus nisi volutpat a. Aliquam aliquet aliquet ligula, in aliquet mi pulvinar id. Vivamus cursus nunc ut ornare pretium. Duis ut ligula purus. Nunc posuere dapibus commodo. Sed felis turpis, ornare in feugiat ac, ullamcorper quis nibh. Sed ultrices arcu eu risus aliquam rutrum. Nulla ullamcorper, nunc id venenatis dapibus, lacus arcu vestibulum mi, ac rhoncus dui nunc sed sapien. Maecenas nec leo arcu. Suspendisse non vulputate ante.
              </AppMarketingBlurb>
            </WithStyles(Grid)>
            <WithStyles(Grid)
              item={true}
              md={4}
            >
              <AppMarketingBlurb
                title="Redux State Management?"
              >
                Lorem ipsum dolor sit amet, consectetur adipiscing elit. Duis consectetur odio diam, eleifend condimentum ipsum rutrum at. Vestibulum eget ornare lacus. Vivamus varius nulla at purus lacinia, in vehicula nibh ultricies. Nam vel mi et nulla posuere semper. Suspendisse urna risus, auctor a lectus dapibus, condimentum eleifend augue. Cras nec ornare sem. Maecenas efficitur purus in faucibus sagittis. Aenean sagittis est odio, at maximus nisi volutpat a.
              </AppMarketingBlurb>
            </WithStyles(Grid)>
          </WithStyles(Grid)>
        </main>,
        <AppCTA />,
        <ProductCards />,
        <div
          className="Hook-moreProducts-fywh77"
        >
          <WithStyles(Button)
            color="secondary"
            size="large"
            variant="contained"
          >
            View more Products Here
          </WithStyles(Button)>
        </div>,
        <AppFooter />,
        <LoginDialog
          isDialogOpen={false}
          toggleDialog={[Function]}
        />,
      ],
      "className": "Hook-root-1wsdclo",
    },
    "ref": null,
    "rendered": Array [
      Object {
        "instance": null,
        "key": undefined,
        "nodeType": "class",
        "props": Object {
          "children": <WithStyles(Toolbar)>
            <WithStyles(IconButton)
              aria-label="Menu"
              className="Hook-menuButton-14d7ubx"
              color="inherit"
            >
              <pure(MenuIcon) />
            </WithStyles(IconButton)>
            <WithStyles(Typography)
              className="Hook-grow-9qmz7"
              color="inherit"
              variant="h6"
            >
              <span
                aria-label="hello"
                role="img"
              >
                👾
              </span>
              Hello, Earthlings
               
              <span
                aria-label="welcome"
                role="img"
              >
                👽
              </span>
            </WithStyles(Typography)>
            <WithStyles(Button)
              color="inherit"
              onClick={[Function]}
            >
              Login
            </WithStyles(Button)>
          </WithStyles(Toolbar)>,
          "position": "static",
        },
        "ref": null,
        "rendered": Object {
          "instance": null,
          "key": undefined,
          "nodeType": "class",
          "props": Object {
            "children": Array [
              <WithStyles(IconButton)
                aria-label="Menu"
                className="Hook-menuButton-14d7ubx"
                color="inherit"
              >
                <pure(MenuIcon) />
              </WithStyles(IconButton)>,
              <WithStyles(Typography)
                className="Hook-grow-9qmz7"
                color="inherit"
                variant="h6"
              >
                <span
                  aria-label="hello"
                  role="img"
                >
                  👾
                </span>
                Hello, Earthlings
                 
                <span
                  aria-label="welcome"
                  role="img"
                >
                  👽
                </span>
              </WithStyles(Typography)>,
              <WithStyles(Button)
                color="inherit"
                onClick={[Function]}
              >
                Login
              </WithStyles(Button)>,
            ],
          },
          "ref": null,
          "rendered": Array [
            Object {
              "instance": null,
              "key": undefined,
              "nodeType": "class",
              "props": Object {
                "aria-label": "Menu",
                "children": <pure(MenuIcon) />,
                "className": "Hook-menuButton-14d7ubx",
                "color": "inherit",
              },
              "ref": null,
              "rendered": Object {
                "instance": null,
                "key": undefined,
                "nodeType": "class",
                "props": Object {},
                "ref": null,
                "rendered": null,
                "type": [Function],
              },
              "type": [Function],
            },
            Object {
              "instance": null,
              "key": undefined,
              "nodeType": "class",
              "props": Object {
                "children": Array [
                  <span
                    aria-label="hello"
                    role="img"
                  >
                    👾
                  </span>,
                  "Hello, Earthlings",
                  " ",
                  <span
                    aria-label="welcome"
                    role="img"
                  >
                    👽
                  </span>,
                ],
                "className": "Hook-grow-9qmz7",
                "color": "inherit",
                "variant": "h6",
              },
              "ref": null,
              "rendered": Array [
                Object {
                  "instance": null,
                  "key": undefined,
                  "nodeType": "host",
                  "props": Object {
                    "aria-label": "hello",
                    "children": "👾",
                    "role": "img",
                  },
                  "ref": null,
                  "rendered": "👾",
                  "type": "span",
                },
                "Hello, Earthlings",
                " ",
                Object {
                  "instance": null,
                  "key": undefined,
                  "nodeType": "host",
                  "props": Object {
                    "aria-label": "welcome",
                    "children": "👽",
                    "role": "img",
                  },
                  "ref": null,
                  "rendered": "👽",
                  "type": "span",
                },
              ],
              "type": [Function],
            },
            Object {
              "instance": null,
              "key": undefined,
              "nodeType": "class",
              "props": Object {
                "children": "Login",
                "color": "inherit",
                "onClick": [Function],
              },
              "ref": null,
              "rendered": "Login",
              "type": [Function],
            },
          ],
          "type": [Function],
        },
        "type": [Function],
      },
      Object {
        "instance": null,
        "key": undefined,
        "nodeType": "function",
        "props": Object {
          "headline": "React-MUI Next Starter",
          "subheadline": "Happy Coding!",
        },
        "ref": null,
        "rendered": null,
        "type": [Function],
      },
      Object {
        "instance": null,
        "key": undefined,
        "nodeType": "host",
        "props": Object {
          "children": <WithStyles(Grid)
            container={true}
            spacing={24}
          >
            <WithStyles(Grid)
              item={true}
              md={4}
            >
              <AppMarketingBlurb
                title="MUI Theme Support and Hooks"
              >
                Lorem ipsum dolor sit amet, consectetur adipiscing elit. Duis consectetur odio diam, eleifend condimentum ipsum rutrum at. Vestibulum eget ornare lacus. Vivamus varius nulla at purus lacinia, in vehicula nibh ultricies. Nam vel mi et nulla posuere semper. Suspendisse urna risus, auctor a lectus dapibus, condimentum eleifend augue. Cras nec ornare sem. Maecenas efficitur purus in faucibus sagittis. Aenean sagittis est odio, at maximus nisi volutpat a. Aliquam aliquet aliquet ligula, in aliquet mi pulvinar id. Vivamus cursus nunc ut ornare pretium. Duis ut ligula purus. Nunc posuere dapibus commodo. Sed felis turpis, ornare in feugiat ac, ullamcorper quis nibh.
              </AppMarketingBlurb>
            </WithStyles(Grid)>
            <WithStyles(Grid)
              item={true}
              md={4}
            >
              <AppMarketingBlurb
                title="React Hooks (alpha)"
              >
                Lorem ipsum dolor sit amet, consectetur adipiscing elit. Duis consectetur odio diam, eleifend condimentum ipsum rutrum at. Vestibulum eget ornare lacus. Vivamus varius nulla at purus lacinia, in vehicula nibh ultricies. Nam vel mi et nulla posuere semper. Suspendisse urna risus, auctor a lectus dapibus, condimentum eleifend augue. Cras nec ornare sem. Maecenas efficitur purus in faucibus sagittis. Aenean sagittis est odio, at maximus nisi volutpat a. Aliquam aliquet aliquet ligula, in aliquet mi pulvinar id. Vivamus cursus nunc ut ornare pretium. Duis ut ligula purus. Nunc posuere dapibus commodo. Sed felis turpis, ornare in feugiat ac, ullamcorper quis nibh. Sed ultrices arcu eu risus aliquam rutrum. Nulla ullamcorper, nunc id venenatis dapibus, lacus arcu vestibulum mi, ac rhoncus dui nunc sed sapien. Maecenas nec leo arcu. Suspendisse non vulputate ante.
              </AppMarketingBlurb>
            </WithStyles(Grid)>
            <WithStyles(Grid)
              item={true}
              md={4}
            >
              <AppMarketingBlurb
                title="Redux State Management?"
              >
                Lorem ipsum dolor sit amet, consectetur adipiscing elit. Duis consectetur odio diam, eleifend condimentum ipsum rutrum at. Vestibulum eget ornare lacus. Vivamus varius nulla at purus lacinia, in vehicula nibh ultricies. Nam vel mi et nulla posuere semper. Suspendisse urna risus, auctor a lectus dapibus, condimentum eleifend augue. Cras nec ornare sem. Maecenas efficitur purus in faucibus sagittis. Aenean sagittis est odio, at maximus nisi volutpat a.
              </AppMarketingBlurb>
            </WithStyles(Grid)>
          </WithStyles(Grid)>,
        },
        "ref": null,
        "rendered": Object {
          "instance": null,
          "key": undefined,
          "nodeType": "class",
          "props": Object {
            "children": Array [
              <WithStyles(Grid)
                item={true}
                md={4}
              >
                <AppMarketingBlurb
                  title="MUI Theme Support and Hooks"
                >
                  Lorem ipsum dolor sit amet, consectetur adipiscing elit. Duis consectetur odio diam, eleifend condimentum ipsum rutrum at. Vestibulum eget ornare lacus. Vivamus varius nulla at purus lacinia, in vehicula nibh ultricies. Nam vel mi et nulla posuere semper. Suspendisse urna risus, auctor a lectus dapibus, condimentum eleifend augue. Cras nec ornare sem. Maecenas efficitur purus in faucibus sagittis. Aenean sagittis est odio, at maximus nisi volutpat a. Aliquam aliquet aliquet ligula, in aliquet mi pulvinar id. Vivamus cursus nunc ut ornare pretium. Duis ut ligula purus. Nunc posuere dapibus commodo. Sed felis turpis, ornare in feugiat ac, ullamcorper quis nibh.
                </AppMarketingBlurb>
              </WithStyles(Grid)>,
              <WithStyles(Grid)
                item={true}
                md={4}
              >
                <AppMarketingBlurb
                  title="React Hooks (alpha)"
                >
                  Lorem ipsum dolor sit amet, consectetur adipiscing elit. Duis consectetur odio diam, eleifend condimentum ipsum rutrum at. Vestibulum eget ornare lacus. Vivamus varius nulla at purus lacinia, in vehicula nibh ultricies. Nam vel mi et nulla posuere semper. Suspendisse urna risus, auctor a lectus dapibus, condimentum eleifend augue. Cras nec ornare sem. Maecenas efficitur purus in faucibus sagittis. Aenean sagittis est odio, at maximus nisi volutpat a. Aliquam aliquet aliquet ligula, in aliquet mi pulvinar id. Vivamus cursus nunc ut ornare pretium. Duis ut ligula purus. Nunc posuere dapibus commodo. Sed felis turpis, ornare in feugiat ac, ullamcorper quis nibh. Sed ultrices arcu eu risus aliquam rutrum. Nulla ullamcorper, nunc id venenatis dapibus, lacus arcu vestibulum mi, ac rhoncus dui nunc sed sapien. Maecenas nec leo arcu. Suspendisse non vulputate ante.
                </AppMarketingBlurb>
              </WithStyles(Grid)>,
              <WithStyles(Grid)
                item={true}
                md={4}
              >
                <AppMarketingBlurb
                  title="Redux State Management?"
                >
                  Lorem ipsum dolor sit amet, consectetur adipiscing elit. Duis consectetur odio diam, eleifend condimentum ipsum rutrum at. Vestibulum eget ornare lacus. Vivamus varius nulla at purus lacinia, in vehicula nibh ultricies. Nam vel mi et nulla posuere semper. Suspendisse urna risus, auctor a lectus dapibus, condimentum eleifend augue. Cras nec ornare sem. Maecenas efficitur purus in faucibus sagittis. Aenean sagittis est odio, at maximus nisi volutpat a.
                </AppMarketingBlurb>
              </WithStyles(Grid)>,
            ],
            "container": true,
            "spacing": 24,
          },
          "ref": null,
          "rendered": Array [
            Object {
              "instance": null,
              "key": undefined,
              "nodeType": "class",
              "props": Object {
                "children": <AppMarketingBlurb
                  title="MUI Theme Support and Hooks"
                >
                  Lorem ipsum dolor sit amet, consectetur adipiscing elit. Duis consectetur odio diam, eleifend condimentum ipsum rutrum at. Vestibulum eget ornare lacus. Vivamus varius nulla at purus lacinia, in vehicula nibh ultricies. Nam vel mi et nulla posuere semper. Suspendisse urna risus, auctor a lectus dapibus, condimentum eleifend augue. Cras nec ornare sem. Maecenas efficitur purus in faucibus sagittis. Aenean sagittis est odio, at maximus nisi volutpat a. Aliquam aliquet aliquet ligula, in aliquet mi pulvinar id. Vivamus cursus nunc ut ornare pretium. Duis ut ligula purus. Nunc posuere dapibus commodo. Sed felis turpis, ornare in feugiat ac, ullamcorper quis nibh.
                </AppMarketingBlurb>,
                "item": true,
                "md": 4,
              },
              "ref": null,
              "rendered": Object {
                "instance": null,
                "key": undefined,
                "nodeType": "function",
                "props": Object {
                  "children": "Lorem ipsum dolor sit amet, consectetur adipiscing elit. Duis consectetur odio diam, eleifend condimentum ipsum rutrum at. Vestibulum eget ornare lacus. Vivamus varius nulla at purus lacinia, in vehicula nibh ultricies. Nam vel mi et nulla posuere semper. Suspendisse urna risus, auctor a lectus dapibus, condimentum eleifend augue. Cras nec ornare sem. Maecenas efficitur purus in faucibus sagittis. Aenean sagittis est odio, at maximus nisi volutpat a. Aliquam aliquet aliquet ligula, in aliquet mi pulvinar id. Vivamus cursus nunc ut ornare pretium. Duis ut ligula purus. Nunc posuere dapibus commodo. Sed felis turpis, ornare in feugiat ac, ullamcorper quis nibh.",
                  "title": "MUI Theme Support and Hooks",
                },
                "ref": null,
                "rendered": "Lorem ipsum dolor sit amet, consectetur adipiscing elit. Duis consectetur odio diam, eleifend condimentum ipsum rutrum at. Vestibulum eget ornare lacus. Vivamus varius nulla at purus lacinia, in vehicula nibh ultricies. Nam vel mi et nulla posuere semper. Suspendisse urna risus, auctor a lectus dapibus, condimentum eleifend augue. Cras nec ornare sem. Maecenas efficitur purus in faucibus sagittis. Aenean sagittis est odio, at maximus nisi volutpat a. Aliquam aliquet aliquet ligula, in aliquet mi pulvinar id. Vivamus cursus nunc ut ornare pretium. Duis ut ligula purus. Nunc posuere dapibus commodo. Sed felis turpis, ornare in feugiat ac, ullamcorper quis nibh.",
                "type": [Function],
              },
              "type": [Function],
            },
            Object {
              "instance": null,
              "key": undefined,
              "nodeType": "class",
              "props": Object {
                "children": <AppMarketingBlurb
                  title="React Hooks (alpha)"
                >
                  Lorem ipsum dolor sit amet, consectetur adipiscing elit. Duis consectetur odio diam, eleifend condimentum ipsum rutrum at. Vestibulum eget ornare lacus. Vivamus varius nulla at purus lacinia, in vehicula nibh ultricies. Nam vel mi et nulla posuere semper. Suspendisse urna risus, auctor a lectus dapibus, condimentum eleifend augue. Cras nec ornare sem. Maecenas efficitur purus in faucibus sagittis. Aenean sagittis est odio, at maximus nisi volutpat a. Aliquam aliquet aliquet ligula, in aliquet mi pulvinar id. Vivamus cursus nunc ut ornare pretium. Duis ut ligula purus. Nunc posuere dapibus commodo. Sed felis turpis, ornare in feugiat ac, ullamcorper quis nibh. Sed ultrices arcu eu risus aliquam rutrum. Nulla ullamcorper, nunc id venenatis dapibus, lacus arcu vestibulum mi, ac rhoncus dui nunc sed sapien. Maecenas nec leo arcu. Suspendisse non vulputate ante.
                </AppMarketingBlurb>,
                "item": true,
                "md": 4,
              },
              "ref": null,
              "rendered": Object {
                "instance": null,
                "key": undefined,
                "nodeType": "function",
                "props": Object {
                  "children": "Lorem ipsum dolor sit amet, consectetur adipiscing elit. Duis consectetur odio diam, eleifend condimentum ipsum rutrum at. Vestibulum eget ornare lacus. Vivamus varius nulla at purus lacinia, in vehicula nibh ultricies. Nam vel mi et nulla posuere semper. Suspendisse urna risus, auctor a lectus dapibus, condimentum eleifend augue. Cras nec ornare sem. Maecenas efficitur purus in faucibus sagittis. Aenean sagittis est odio, at maximus nisi volutpat a. Aliquam aliquet aliquet ligula, in aliquet mi pulvinar id. Vivamus cursus nunc ut ornare pretium. Duis ut ligula purus. Nunc posuere dapibus commodo. Sed felis turpis, ornare in feugiat ac, ullamcorper quis nibh. Sed ultrices arcu eu risus aliquam rutrum. Nulla ullamcorper, nunc id venenatis dapibus, lacus arcu vestibulum mi, ac rhoncus dui nunc sed sapien. Maecenas nec leo arcu. Suspendisse non vulputate ante.",
                  "title": "React Hooks (alpha)",
                },
                "ref": null,
                "rendered": "Lorem ipsum dolor sit amet, consectetur adipiscing elit. Duis consectetur odio diam, eleifend condimentum ipsum rutrum at. Vestibulum eget ornare lacus. Vivamus varius nulla at purus lacinia, in vehicula nibh ultricies. Nam vel mi et nulla posuere semper. Suspendisse urna risus, auctor a lectus dapibus, condimentum eleifend augue. Cras nec ornare sem. Maecenas efficitur purus in faucibus sagittis. Aenean sagittis est odio, at maximus nisi volutpat a. Aliquam aliquet aliquet ligula, in aliquet mi pulvinar id. Vivamus cursus nunc ut ornare pretium. Duis ut ligula purus. Nunc posuere dapibus commodo. Sed felis turpis, ornare in feugiat ac, ullamcorper quis nibh. Sed ultrices arcu eu risus aliquam rutrum. Nulla ullamcorper, nunc id venenatis dapibus, lacus arcu vestibulum mi, ac rhoncus dui nunc sed sapien. Maecenas nec leo arcu. Suspendisse non vulputate ante.",
                "type": [Function],
              },
              "type": [Function],
            },
            Object {
              "instance": null,
              "key": undefined,
              "nodeType": "class",
              "props": Object {
                "children": <AppMarketingBlurb
                  title="Redux State Management?"
                >
                  Lorem ipsum dolor sit amet, consectetur adipiscing elit. Duis consectetur odio diam, eleifend condimentum ipsum rutrum at. Vestibulum eget ornare lacus. Vivamus varius nulla at purus lacinia, in vehicula nibh ultricies. Nam vel mi et nulla posuere semper. Suspendisse urna risus, auctor a lectus dapibus, condimentum eleifend augue. Cras nec ornare sem. Maecenas efficitur purus in faucibus sagittis. Aenean sagittis est odio, at maximus nisi volutpat a.
                </AppMarketingBlurb>,
                "item": true,
                "md": 4,
              },
              "ref": null,
              "rendered": Object {
                "instance": null,
                "key": undefined,
                "nodeType": "function",
                "props": Object {
                  "children": "Lorem ipsum dolor sit amet, consectetur adipiscing elit. Duis consectetur odio diam, eleifend condimentum ipsum rutrum at. Vestibulum eget ornare lacus. Vivamus varius nulla at purus lacinia, in vehicula nibh ultricies. Nam vel mi et nulla posuere semper. Suspendisse urna risus, auctor a lectus dapibus, condimentum eleifend augue. Cras nec ornare sem. Maecenas efficitur purus in faucibus sagittis. Aenean sagittis est odio, at maximus nisi volutpat a.",
                  "title": "Redux State Management?",
                },
                "ref": null,
                "rendered": "Lorem ipsum dolor sit amet, consectetur adipiscing elit. Duis consectetur odio diam, eleifend condimentum ipsum rutrum at. Vestibulum eget ornare lacus. Vivamus varius nulla at purus lacinia, in vehicula nibh ultricies. Nam vel mi et nulla posuere semper. Suspendisse urna risus, auctor a lectus dapibus, condimentum eleifend augue. Cras nec ornare sem. Maecenas efficitur purus in faucibus sagittis. Aenean sagittis est odio, at maximus nisi volutpat a.",
                "type": [Function],
              },
              "type": [Function],
            },
          ],
          "type": [Function],
        },
        "type": "main",
      },
      Object {
        "instance": null,
        "key": undefined,
        "nodeType": "function",
        "props": Object {},
        "ref": null,
        "rendered": null,
        "type": [Function],
      },
      Object {
        "instance": null,
        "key": undefined,
        "nodeType": "function",
        "props": Object {},
        "ref": null,
        "rendered": null,
        "type": [Function],
      },
      Object {
        "instance": null,
        "key": undefined,
        "nodeType": "host",
        "props": Object {
          "children": <WithStyles(Button)
            color="secondary"
            size="large"
            variant="contained"
          >
            View more Products Here
          </WithStyles(Button)>,
          "className": "Hook-moreProducts-fywh77",
        },
        "ref": null,
        "rendered": Object {
          "instance": null,
          "key": undefined,
          "nodeType": "class",
          "props": Object {
            "children": "View more Products Here",
            "color": "secondary",
            "size": "large",
            "variant": "contained",
          },
          "ref": null,
          "rendered": "View more Products Here",
          "type": [Function],
        },
        "type": "div",
      },
      Object {
        "instance": null,
        "key": undefined,
        "nodeType": "function",
        "props": Object {},
        "ref": null,
        "rendered": null,
        "type": [Function],
      },
      Object {
        "instance": null,
        "key": undefined,
        "nodeType": "function",
        "props": Object {
          "isDialogOpen": false,
          "toggleDialog": [Function],
        },
        "ref": null,
        "rendered": null,
        "type": [Function],
      },
    ],
    "type": "div",
  },
  Symbol(enzyme.__nodes__): Array [
    Object {
      "instance": null,
      "key": undefined,
      "nodeType": "host",
      "props": Object {
        "children": Array [
          <WithStyles(AppBar)
            position="static"
          >
            <WithStyles(Toolbar)>
              <WithStyles(IconButton)
                aria-label="Menu"
                className="Hook-menuButton-14d7ubx"
                color="inherit"
              >
                <pure(MenuIcon) />
              </WithStyles(IconButton)>
              <WithStyles(Typography)
                className="Hook-grow-9qmz7"
                color="inherit"
                variant="h6"
              >
                <span
                  aria-label="hello"
                  role="img"
                >
                  👾
                </span>
                Hello, Earthlings
                 
                <span
                  aria-label="welcome"
                  role="img"
                >
                  👽
                </span>
              </WithStyles(Typography)>
              <WithStyles(Button)
                color="inherit"
                onClick={[Function]}
              >
                Login
              </WithStyles(Button)>
            </WithStyles(Toolbar)>
          </WithStyles(AppBar)>,
          <AppHero
            headline="React-MUI Next Starter"
            subheadline="Happy Coding!"
          />,
          <main>
            <WithStyles(Grid)
              container={true}
              spacing={24}
            >
              <WithStyles(Grid)
                item={true}
                md={4}
              >
                <AppMarketingBlurb
                  title="MUI Theme Support and Hooks"
                >
                  Lorem ipsum dolor sit amet, consectetur adipiscing elit. Duis consectetur odio diam, eleifend condimentum ipsum rutrum at. Vestibulum eget ornare lacus. Vivamus varius nulla at purus lacinia, in vehicula nibh ultricies. Nam vel mi et nulla posuere semper. Suspendisse urna risus, auctor a lectus dapibus, condimentum eleifend augue. Cras nec ornare sem. Maecenas efficitur purus in faucibus sagittis. Aenean sagittis est odio, at maximus nisi volutpat a. Aliquam aliquet aliquet ligula, in aliquet mi pulvinar id. Vivamus cursus nunc ut ornare pretium. Duis ut ligula purus. Nunc posuere dapibus commodo. Sed felis turpis, ornare in feugiat ac, ullamcorper quis nibh.
                </AppMarketingBlurb>
              </WithStyles(Grid)>
              <WithStyles(Grid)
                item={true}
                md={4}
              >
                <AppMarketingBlurb
                  title="React Hooks (alpha)"
                >
                  Lorem ipsum dolor sit amet, consectetur adipiscing elit. Duis consectetur odio diam, eleifend condimentum ipsum rutrum at. Vestibulum eget ornare lacus. Vivamus varius nulla at purus lacinia, in vehicula nibh ultricies. Nam vel mi et nulla posuere semper. Suspendisse urna risus, auctor a lectus dapibus, condimentum eleifend augue. Cras nec ornare sem. Maecenas efficitur purus in faucibus sagittis. Aenean sagittis est odio, at maximus nisi volutpat a. Aliquam aliquet aliquet ligula, in aliquet mi pulvinar id. Vivamus cursus nunc ut ornare pretium. Duis ut ligula purus. Nunc posuere dapibus commodo. Sed felis turpis, ornare in feugiat ac, ullamcorper quis nibh. Sed ultrices arcu eu risus aliquam rutrum. Nulla ullamcorper, nunc id venenatis dapibus, lacus arcu vestibulum mi, ac rhoncus dui nunc sed sapien. Maecenas nec leo arcu. Suspendisse non vulputate ante.
                </AppMarketingBlurb>
              </WithStyles(Grid)>
              <WithStyles(Grid)
                item={true}
                md={4}
              >
                <AppMarketingBlurb
                  title="Redux State Management?"
                >
                  Lorem ipsum dolor sit amet, consectetur adipiscing elit. Duis consectetur odio diam, eleifend condimentum ipsum rutrum at. Vestibulum eget ornare lacus. Vivamus varius nulla at purus lacinia, in vehicula nibh ultricies. Nam vel mi et nulla posuere semper. Suspendisse urna risus, auctor a lectus dapibus, condimentum eleifend augue. Cras nec ornare sem. Maecenas efficitur purus in faucibus sagittis. Aenean sagittis est odio, at maximus nisi volutpat a.
                </AppMarketingBlurb>
              </WithStyles(Grid)>
            </WithStyles(Grid)>
          </main>,
          <AppCTA />,
          <ProductCards />,
          <div
            className="Hook-moreProducts-fywh77"
          >
            <WithStyles(Button)
              color="secondary"
              size="large"
              variant="contained"
            >
              View more Products Here
            </WithStyles(Button)>
          </div>,
          <AppFooter />,
          <LoginDialog
            isDialogOpen={false}
            toggleDialog={[Function]}
          />,
        ],
        "className": "Hook-root-1wsdclo",
      },
      "ref": null,
      "rendered": Array [
        Object {
          "instance": null,
          "key": undefined,
          "nodeType": "class",
          "props": Object {
            "children": <WithStyles(Toolbar)>
              <WithStyles(IconButton)
                aria-label="Menu"
                className="Hook-menuButton-14d7ubx"
                color="inherit"
              >
                <pure(MenuIcon) />
              </WithStyles(IconButton)>
              <WithStyles(Typography)
                className="Hook-grow-9qmz7"
                color="inherit"
                variant="h6"
              >
                <span
                  aria-label="hello"
                  role="img"
                >
                  👾
                </span>
                Hello, Earthlings
                 
                <span
                  aria-label="welcome"
                  role="img"
                >
                  👽
                </span>
              </WithStyles(Typography)>
              <WithStyles(Button)
                color="inherit"
                onClick={[Function]}
              >
                Login
              </WithStyles(Button)>
            </WithStyles(Toolbar)>,
            "position": "static",
          },
          "ref": null,
          "rendered": Object {
            "instance": null,
            "key": undefined,
            "nodeType": "class",
            "props": Object {
              "children": Array [
                <WithStyles(IconButton)
                  aria-label="Menu"
                  className="Hook-menuButton-14d7ubx"
                  color="inherit"
                >
                  <pure(MenuIcon) />
                </WithStyles(IconButton)>,
                <WithStyles(Typography)
                  className="Hook-grow-9qmz7"
                  color="inherit"
                  variant="h6"
                >
                  <span
                    aria-label="hello"
                    role="img"
                  >
                    👾
                  </span>
                  Hello, Earthlings
                   
                  <span
                    aria-label="welcome"
                    role="img"
                  >
                    👽
                  </span>
                </WithStyles(Typography)>,
                <WithStyles(Button)
                  color="inherit"
                  onClick={[Function]}
                >
                  Login
                </WithStyles(Button)>,
              ],
            },
            "ref": null,
            "rendered": Array [
              Object {
                "instance": null,
                "key": undefined,
                "nodeType": "class",
                "props": Object {
                  "aria-label": "Menu",
                  "children": <pure(MenuIcon) />,
                  "className": "Hook-menuButton-14d7ubx",
                  "color": "inherit",
                },
                "ref": null,
                "rendered": Object {
                  "instance": null,
                  "key": undefined,
                  "nodeType": "class",
                  "props": Object {},
                  "ref": null,
                  "rendered": null,
                  "type": [Function],
                },
                "type": [Function],
              },
              Object {
                "instance": null,
                "key": undefined,
                "nodeType": "class",
                "props": Object {
                  "children": Array [
                    <span
                      aria-label="hello"
                      role="img"
                    >
                      👾
                    </span>,
                    "Hello, Earthlings",
                    " ",
                    <span
                      aria-label="welcome"
                      role="img"
                    >
                      👽
                    </span>,
                  ],
                  "className": "Hook-grow-9qmz7",
                  "color": "inherit",
                  "variant": "h6",
                },
                "ref": null,
                "rendered": Array [
                  Object {
                    "instance": null,
                    "key": undefined,
                    "nodeType": "host",
                    "props": Object {
                      "aria-label": "hello",
                      "children": "👾",
                      "role": "img",
                    },
                    "ref": null,
                    "rendered": "👾",
                    "type": "span",
                  },
                  "Hello, Earthlings",
                  " ",
                  Object {
                    "instance": null,
                    "key": undefined,
                    "nodeType": "host",
                    "props": Object {
                      "aria-label": "welcome",
                      "children": "👽",
                      "role": "img",
                    },
                    "ref": null,
                    "rendered": "👽",
                    "type": "span",
                  },
                ],
                "type": [Function],
              },
              Object {
                "instance": null,
                "key": undefined,
                "nodeType": "class",
                "props": Object {
                  "children": "Login",
                  "color": "inherit",
                  "onClick": [Function],
                },
                "ref": null,
                "rendered": "Login",
                "type": [Function],
              },
            ],
            "type": [Function],
          },
          "type": [Function],
        },
        Object {
          "instance": null,
          "key": undefined,
          "nodeType": "function",
          "props": Object {
            "headline": "React-MUI Next Starter",
            "subheadline": "Happy Coding!",
          },
          "ref": null,
          "rendered": null,
          "type": [Function],
        },
        Object {
          "instance": null,
          "key": undefined,
          "nodeType": "host",
          "props": Object {
            "children": <WithStyles(Grid)
              container={true}
              spacing={24}
            >
              <WithStyles(Grid)
                item={true}
                md={4}
              >
                <AppMarketingBlurb
                  title="MUI Theme Support and Hooks"
                >
                  Lorem ipsum dolor sit amet, consectetur adipiscing elit. Duis consectetur odio diam, eleifend condimentum ipsum rutrum at. Vestibulum eget ornare lacus. Vivamus varius nulla at purus lacinia, in vehicula nibh ultricies. Nam vel mi et nulla posuere semper. Suspendisse urna risus, auctor a lectus dapibus, condimentum eleifend augue. Cras nec ornare sem. Maecenas efficitur purus in faucibus sagittis. Aenean sagittis est odio, at maximus nisi volutpat a. Aliquam aliquet aliquet ligula, in aliquet mi pulvinar id. Vivamus cursus nunc ut ornare pretium. Duis ut ligula purus. Nunc posuere dapibus commodo. Sed felis turpis, ornare in feugiat ac, ullamcorper quis nibh.
                </AppMarketingBlurb>
              </WithStyles(Grid)>
              <WithStyles(Grid)
                item={true}
                md={4}
              >
                <AppMarketingBlurb
                  title="React Hooks (alpha)"
                >
                  Lorem ipsum dolor sit amet, consectetur adipiscing elit. Duis consectetur odio diam, eleifend condimentum ipsum rutrum at. Vestibulum eget ornare lacus. Vivamus varius nulla at purus lacinia, in vehicula nibh ultricies. Nam vel mi et nulla posuere semper. Suspendisse urna risus, auctor a lectus dapibus, condimentum eleifend augue. Cras nec ornare sem. Maecenas efficitur purus in faucibus sagittis. Aenean sagittis est odio, at maximus nisi volutpat a. Aliquam aliquet aliquet ligula, in aliquet mi pulvinar id. Vivamus cursus nunc ut ornare pretium. Duis ut ligula purus. Nunc posuere dapibus commodo. Sed felis turpis, ornare in feugiat ac, ullamcorper quis nibh. Sed ultrices arcu eu risus aliquam rutrum. Nulla ullamcorper, nunc id venenatis dapibus, lacus arcu vestibulum mi, ac rhoncus dui nunc sed sapien. Maecenas nec leo arcu. Suspendisse non vulputate ante.
                </AppMarketingBlurb>
              </WithStyles(Grid)>
              <WithStyles(Grid)
                item={true}
                md={4}
              >
                <AppMarketingBlurb
                  title="Redux State Management?"
                >
                  Lorem ipsum dolor sit amet, consectetur adipiscing elit. Duis consectetur odio diam, eleifend condimentum ipsum rutrum at. Vestibulum eget ornare lacus. Vivamus varius nulla at purus lacinia, in vehicula nibh ultricies. Nam vel mi et nulla posuere semper. Suspendisse urna risus, auctor a lectus dapibus, condimentum eleifend augue. Cras nec ornare sem. Maecenas efficitur purus in faucibus sagittis. Aenean sagittis est odio, at maximus nisi volutpat a.
                </AppMarketingBlurb>
              </WithStyles(Grid)>
            </WithStyles(Grid)>,
          },
          "ref": null,
          "rendered": Object {
            "instance": null,
            "key": undefined,
            "nodeType": "class",
            "props": Object {
              "children": Array [
                <WithStyles(Grid)
                  item={true}
                  md={4}
                >
                  <AppMarketingBlurb
                    title="MUI Theme Support and Hooks"
                  >
                    Lorem ipsum dolor sit amet, consectetur adipiscing elit. Duis consectetur odio diam, eleifend condimentum ipsum rutrum at. Vestibulum eget ornare lacus. Vivamus varius nulla at purus lacinia, in vehicula nibh ultricies. Nam vel mi et nulla posuere semper. Suspendisse urna risus, auctor a lectus dapibus, condimentum eleifend augue. Cras nec ornare sem. Maecenas efficitur purus in faucibus sagittis. Aenean sagittis est odio, at maximus nisi volutpat a. Aliquam aliquet aliquet ligula, in aliquet mi pulvinar id. Vivamus cursus nunc ut ornare pretium. Duis ut ligula purus. Nunc posuere dapibus commodo. Sed felis turpis, ornare in feugiat ac, ullamcorper quis nibh.
                  </AppMarketingBlurb>
                </WithStyles(Grid)>,
                <WithStyles(Grid)
                  item={true}
                  md={4}
                >
                  <AppMarketingBlurb
                    title="React Hooks (alpha)"
                  >
                    Lorem ipsum dolor sit amet, consectetur adipiscing elit. Duis consectetur odio diam, eleifend condimentum ipsum rutrum at. Vestibulum eget ornare lacus. Vivamus varius nulla at purus lacinia, in vehicula nibh ultricies. Nam vel mi et nulla posuere semper. Suspendisse urna risus, auctor a lectus dapibus, condimentum eleifend augue. Cras nec ornare sem. Maecenas efficitur purus in faucibus sagittis. Aenean sagittis est odio, at maximus nisi volutpat a. Aliquam aliquet aliquet ligula, in aliquet mi pulvinar id. Vivamus cursus nunc ut ornare pretium. Duis ut ligula purus. Nunc posuere dapibus commodo. Sed felis turpis, ornare in feugiat ac, ullamcorper quis nibh. Sed ultrices arcu eu risus aliquam rutrum. Nulla ullamcorper, nunc id venenatis dapibus, lacus arcu vestibulum mi, ac rhoncus dui nunc sed sapien. Maecenas nec leo arcu. Suspendisse non vulputate ante.
                  </AppMarketingBlurb>
                </WithStyles(Grid)>,
                <WithStyles(Grid)
                  item={true}
                  md={4}
                >
                  <AppMarketingBlurb
                    title="Redux State Management?"
                  >
                    Lorem ipsum dolor sit amet, consectetur adipiscing elit. Duis consectetur odio diam, eleifend condimentum ipsum rutrum at. Vestibulum eget ornare lacus. Vivamus varius nulla at purus lacinia, in vehicula nibh ultricies. Nam vel mi et nulla posuere semper. Suspendisse urna risus, auctor a lectus dapibus, condimentum eleifend augue. Cras nec ornare sem. Maecenas efficitur purus in faucibus sagittis. Aenean sagittis est odio, at maximus nisi volutpat a.
                  </AppMarketingBlurb>
                </WithStyles(Grid)>,
              ],
              "container": true,
              "spacing": 24,
            },
            "ref": null,
            "rendered": Array [
              Object {
                "instance": null,
                "key": undefined,
                "nodeType": "class",
                "props": Object {
                  "children": <AppMarketingBlurb
                    title="MUI Theme Support and Hooks"
                  >
                    Lorem ipsum dolor sit amet, consectetur adipiscing elit. Duis consectetur odio diam, eleifend condimentum ipsum rutrum at. Vestibulum eget ornare lacus. Vivamus varius nulla at purus lacinia, in vehicula nibh ultricies. Nam vel mi et nulla posuere semper. Suspendisse urna risus, auctor a lectus dapibus, condimentum eleifend augue. Cras nec ornare sem. Maecenas efficitur purus in faucibus sagittis. Aenean sagittis est odio, at maximus nisi volutpat a. Aliquam aliquet aliquet ligula, in aliquet mi pulvinar id. Vivamus cursus nunc ut ornare pretium. Duis ut ligula purus. Nunc posuere dapibus commodo. Sed felis turpis, ornare in feugiat ac, ullamcorper quis nibh.
                  </AppMarketingBlurb>,
                  "item": true,
                  "md": 4,
                },
                "ref": null,
                "rendered": Object {
                  "instance": null,
                  "key": undefined,
                  "nodeType": "function",
                  "props": Object {
                    "children": "Lorem ipsum dolor sit amet, consectetur adipiscing elit. Duis consectetur odio diam, eleifend condimentum ipsum rutrum at. Vestibulum eget ornare lacus. Vivamus varius nulla at purus lacinia, in vehicula nibh ultricies. Nam vel mi et nulla posuere semper. Suspendisse urna risus, auctor a lectus dapibus, condimentum eleifend augue. Cras nec ornare sem. Maecenas efficitur purus in faucibus sagittis. Aenean sagittis est odio, at maximus nisi volutpat a. Aliquam aliquet aliquet ligula, in aliquet mi pulvinar id. Vivamus cursus nunc ut ornare pretium. Duis ut ligula purus. Nunc posuere dapibus commodo. Sed felis turpis, ornare in feugiat ac, ullamcorper quis nibh.",
                    "title": "MUI Theme Support and Hooks",
                  },
                  "ref": null,
                  "rendered": "Lorem ipsum dolor sit amet, consectetur adipiscing elit. Duis consectetur odio diam, eleifend condimentum ipsum rutrum at. Vestibulum eget ornare lacus. Vivamus varius nulla at purus lacinia, in vehicula nibh ultricies. Nam vel mi et nulla posuere semper. Suspendisse urna risus, auctor a lectus dapibus, condimentum eleifend augue. Cras nec ornare sem. Maecenas efficitur purus in faucibus sagittis. Aenean sagittis est odio, at maximus nisi volutpat a. Aliquam aliquet aliquet ligula, in aliquet mi pulvinar id. Vivamus cursus nunc ut ornare pretium. Duis ut ligula purus. Nunc posuere dapibus commodo. Sed felis turpis, ornare in feugiat ac, ullamcorper quis nibh.",
                  "type": [Function],
                },
                "type": [Function],
              },
              Object {
                "instance": null,
                "key": undefined,
                "nodeType": "class",
                "props": Object {
                  "children": <AppMarketingBlurb
                    title="React Hooks (alpha)"
                  >
                    Lorem ipsum dolor sit amet, consectetur adipiscing elit. Duis consectetur odio diam, eleifend condimentum ipsum rutrum at. Vestibulum eget ornare lacus. Vivamus varius nulla at purus lacinia, in vehicula nibh ultricies. Nam vel mi et nulla posuere semper. Suspendisse urna risus, auctor a lectus dapibus, condimentum eleifend augue. Cras nec ornare sem. Maecenas efficitur purus in faucibus sagittis. Aenean sagittis est odio, at maximus nisi volutpat a. Aliquam aliquet aliquet ligula, in aliquet mi pulvinar id. Vivamus cursus nunc ut ornare pretium. Duis ut ligula purus. Nunc posuere dapibus commodo. Sed felis turpis, ornare in feugiat ac, ullamcorper quis nibh. Sed ultrices arcu eu risus aliquam rutrum. Nulla ullamcorper, nunc id venenatis dapibus, lacus arcu vestibulum mi, ac rhoncus dui nunc sed sapien. Maecenas nec leo arcu. Suspendisse non vulputate ante.
                  </AppMarketingBlurb>,
                  "item": true,
                  "md": 4,
                },
                "ref": null,
                "rendered": Object {
                  "instance": null,
                  "key": undefined,
                  "nodeType": "function",
                  "props": Object {
                    "children": "Lorem ipsum dolor sit amet, consectetur adipiscing elit. Duis consectetur odio diam, eleifend condimentum ipsum rutrum at. Vestibulum eget ornare lacus. Vivamus varius nulla at purus lacinia, in vehicula nibh ultricies. Nam vel mi et nulla posuere semper. Suspendisse urna risus, auctor a lectus dapibus, condimentum eleifend augue. Cras nec ornare sem. Maecenas efficitur purus in faucibus sagittis. Aenean sagittis est odio, at maximus nisi volutpat a. Aliquam aliquet aliquet ligula, in aliquet mi pulvinar id. Vivamus cursus nunc ut ornare pretium. Duis ut ligula purus. Nunc posuere dapibus commodo. Sed felis turpis, ornare in feugiat ac, ullamcorper quis nibh. Sed ultrices arcu eu risus aliquam rutrum. Nulla ullamcorper, nunc id venenatis dapibus, lacus arcu vestibulum mi, ac rhoncus dui nunc sed sapien. Maecenas nec leo arcu. Suspendisse non vulputate ante.",
                    "title": "React Hooks (alpha)",
                  },
                  "ref": null,
                  "rendered": "Lorem ipsum dolor sit amet, consectetur adipiscing elit. Duis consectetur odio diam, eleifend condimentum ipsum rutrum at. Vestibulum eget ornare lacus. Vivamus varius nulla at purus lacinia, in vehicula nibh ultricies. Nam vel mi et nulla posuere semper. Suspendisse urna risus, auctor a lectus dapibus, condimentum eleifend augue. Cras nec ornare sem. Maecenas efficitur purus in faucibus sagittis. Aenean sagittis est odio, at maximus nisi volutpat a. Aliquam aliquet aliquet ligula, in aliquet mi pulvinar id. Vivamus cursus nunc ut ornare pretium. Duis ut ligula purus. Nunc posuere dapibus commodo. Sed felis turpis, ornare in feugiat ac, ullamcorper quis nibh. Sed ultrices arcu eu risus aliquam rutrum. Nulla ullamcorper, nunc id venenatis dapibus, lacus arcu vestibulum mi, ac rhoncus dui nunc sed sapien. Maecenas nec leo arcu. Suspendisse non vulputate ante.",
                  "type": [Function],
                },
                "type": [Function],
              },
              Object {
                "instance": null,
                "key": undefined,
                "nodeType": "class",
                "props": Object {
                  "children": <AppMarketingBlurb
                    title="Redux State Management?"
                  >
                    Lorem ipsum dolor sit amet, consectetur adipiscing elit. Duis consectetur odio diam, eleifend condimentum ipsum rutrum at. Vestibulum eget ornare lacus. Vivamus varius nulla at purus lacinia, in vehicula nibh ultricies. Nam vel mi et nulla posuere semper. Suspendisse urna risus, auctor a lectus dapibus, condimentum eleifend augue. Cras nec ornare sem. Maecenas efficitur purus in faucibus sagittis. Aenean sagittis est odio, at maximus nisi volutpat a.
                  </AppMarketingBlurb>,
                  "item": true,
                  "md": 4,
                },
                "ref": null,
                "rendered": Object {
                  "instance": null,
                  "key": undefined,
                  "nodeType": "function",
                  "props": Object {
                    "children": "Lorem ipsum dolor sit amet, consectetur adipiscing elit. Duis consectetur odio diam, eleifend condimentum ipsum rutrum at. Vestibulum eget ornare lacus. Vivamus varius nulla at purus lacinia, in vehicula nibh ultricies. Nam vel mi et nulla posuere semper. Suspendisse urna risus, auctor a lectus dapibus, condimentum eleifend augue. Cras nec ornare sem. Maecenas efficitur purus in faucibus sagittis. Aenean sagittis est odio, at maximus nisi volutpat a.",
                    "title": "Redux State Management?",
                  },
                  "ref": null,
                  "rendered": "Lorem ipsum dolor sit amet, consectetur adipiscing elit. Duis consectetur odio diam, eleifend condimentum ipsum rutrum at. Vestibulum eget ornare lacus. Vivamus varius nulla at purus lacinia, in vehicula nibh ultricies. Nam vel mi et nulla posuere semper. Suspendisse urna risus, auctor a lectus dapibus, condimentum eleifend augue. Cras nec ornare sem. Maecenas efficitur purus in faucibus sagittis. Aenean sagittis est odio, at maximus nisi volutpat a.",
                  "type": [Function],
                },
                "type": [Function],
              },
            ],
            "type": [Function],
          },
          "type": "main",
        },
        Object {
          "instance": null,
          "key": undefined,
          "nodeType": "function",
          "props": Object {},
          "ref": null,
          "rendered": null,
          "type": [Function],
        },
        Object {
          "instance": null,
          "key": undefined,
          "nodeType": "function",
          "props": Object {},
          "ref": null,
          "rendered": null,
          "type": [Function],
        },
        Object {
          "instance": null,
          "key": undefined,
          "nodeType": "host",
          "props": Object {
            "children": <WithStyles(Button)
              color="secondary"
              size="large"
              variant="contained"
            >
              View more Products Here
            </WithStyles(Button)>,
            "className": "Hook-moreProducts-fywh77",
          },
          "ref": null,
          "rendered": Object {
            "instance": null,
            "key": undefined,
            "nodeType": "class",
            "props": Object {
              "children": "View more Products Here",
              "color": "secondary",
              "size": "large",
              "variant": "contained",
            },
            "ref": null,
            "rendered": "View more Products Here",
            "type": [Function],
          },
          "type": "div",
        },
        Object {
          "instance": null,
          "key": undefined,
          "nodeType": "function",
          "props": Object {},
          "ref": null,
          "rendered": null,
          "type": [Function],
        },
        Object {
          "instance": null,
          "key": undefined,
          "nodeType": "function",
          "props": Object {
            "isDialogOpen": false,
            "toggleDialog": [Function],
          },
          "ref": null,
          "rendered": null,
          "type": [Function],
        },
      ],
      "type": "div",
    },
  ],
  Symbol(enzyme.__options__): Object {
    "adapter": ReactSixteenAdapter {
      "options": Object {
        "enableComponentDidUpdateOnSetState": true,
        "legacyContextMode": "parent",
        "lifecycles": Object {
          "componentDidUpdate": Object {
            "onSetState": true,
          },
          "getChildContext": Object {
            "calledByRenderer": false,
          },
          "getDerivedStateFromProps": true,
          "getSnapshotBeforeUpdate": true,
          "setState": Object {
            "skipsComponentDidUpdateOnNullish": true,
          },
        },
      },
    },
  },
}
`;
